#-----------------------------------------------------------
# Vivado v2023.2 (64-bit)
# SW Build 4029153 on Fri Oct 13 20:14:34 MDT 2023
# IP Build 4028589 on Sat Oct 14 00:45:43 MDT 2023
# SharedData Build 4025554 on Tue Oct 10 17:18:54 MDT 2023
# Start of session at: Wed Apr 17 15:10:15 2024
# Process ID: 4636
# Current directory: C:/Users/talli/OneDrive/Documents/EEE_Year_2/Digital Design/Assignment2/Assignment2_Git/CommandProcessor/CommandProcessor.runs/synth_1
# Command line: vivado.exe -log tb_cmdProc_interim.vds -product Vivado -mode batch -messageDb vivado.pb -notrace -source tb_cmdProc_interim.tcl
# Log file: C:/Users/talli/OneDrive/Documents/EEE_Year_2/Digital Design/Assignment2/Assignment2_Git/CommandProcessor/CommandProcessor.runs/synth_1/tb_cmdProc_interim.vds
# Journal file: C:/Users/talli/OneDrive/Documents/EEE_Year_2/Digital Design/Assignment2/Assignment2_Git/CommandProcessor/CommandProcessor.runs/synth_1\vivado.jou
# Running On: LAPTOP-79ULQ39M, OS: Windows, CPU Frequency: 1498 MHz, CPU Physical cores: 4, Host memory: 8350 MB
#-----------------------------------------------------------
source tb_cmdProc_interim.tcl -notrace
