#-----------------------------------------------------------
# Vivado v2023.2 (64-bit)
# SW Build 4029153 on Fri Oct 13 20:14:34 MDT 2023
# IP Build 4028589 on Sat Oct 14 00:45:43 MDT 2023
# SharedData Build 4025554 on Tue Oct 10 17:18:54 MDT 2023
# Start of session at: Sun Apr 21 18:15:51 2024
# Process ID: 11432
# Current directory: C:/Users/astee/OneDrive - University of Bristol/University work/Digital Design/Assignment2_Git/DataProcessorOnlySynthesised/DataProcessorOnlySynthesised.runs/synth_1
# Command line: vivado.exe -log top.vds -product Vivado -mode batch -messageDb vivado.pb -notrace -source top.tcl
# Log file: C:/Users/astee/OneDrive - University of Bristol/University work/Digital Design/Assignment2_Git/DataProcessorOnlySynthesised/DataProcessorOnlySynthesised.runs/synth_1/top.vds
# Journal file: C:/Users/astee/OneDrive - University of Bristol/University work/Digital Design/Assignment2_Git/DataProcessorOnlySynthesised/DataProcessorOnlySynthesised.runs/synth_1\vivado.jou
# Running On: DESKTOP-5CTLBIO, OS: Windows, CPU Frequency: 1797 MHz, CPU Physical cores: 16, Host memory: 7883 MB
#-----------------------------------------------------------
source top.tcl -notrace
